// 重构日志: 0f822226
// 重构日志: 68fdc8f1
// 重构日志: 8e010339
// 同步 ID: 61e8ff50 @ Wed Jul 29 01:57:56 UTC 2026
// 重构日志: 6aec2ed1
// 同步 ID: 8ceccbf6 @ Wed Jul 29 20:50:47 UTC 2026
// 重构日志: de690132
// 重构日志: b72849e2
// 重构日志: 13eb063e
// 重构日志: 8b0b5eac
// 重构日志: 010ef44a
// 同步 ID: 1bf4104d @ Sun Aug  2 05:52:49 UTC 2026
// 同步 ID: 0b4a12f5 @ Sun Aug  2 14:29:41 UTC 2026
// 重构日志: 8bb17512
// 重构日志: feed1acd
// 重构日志: 40e477ec
// 同步 ID: 9ca856bb @ Mon Aug  3 01:50:48 UTC 2026
// 重构日志: 519a801b
// 重构日志: db816246
// 重构日志: d71be492
// 重构日志: 97a3c6c0
// 重构日志: 7c5ceb52
// 重构日志: 56b66c06
// 重构日志: e01f788b
// 重构日志: 7cc7972b
// 同步 ID: fabb6755 @ Fri Aug  7 01:53:09 UTC 2026
// 同步 ID: 6c950971 @ Fri Aug  7 09:52:23 UTC 2026
// 同步 ID: eb04bdb1 @ Fri Aug  7 14:48:00 UTC 2026
// 同步 ID: e467dfb7 @ Fri Aug  7 16:06:49 UTC 2026
// 同步 ID: 54cbc687 @ Fri Aug  7 17:03:19 UTC 2026
